const mongoose = require('mongoose');

const schema = mongoose.Schema({
  'actors': { type: [mongoose.Schema.Types.ObjectId], ref: 'persons' },
  'author': { type: mongoose.Schema.Types.ObjectId, ref: 'persons' },
  'title': String,
}, {
  timestamps: false,
});

module.exports = mongoose.model('films', schema, 'films');

